Performing C SOURCE FILE Test CMAKE_HAVE_LIBC_PTHREAD failed with the following output:
Change Dir: /Users/jasonhao/Documents/GitHub/edgez-android-app/organicmaps-sdk/nativeOutputs/Debug/2k1d3n39/x86/CMakeFiles/CMakeTmp

Run Build Command(s):/Users/jasonhao/Library/Android/sdk/cmake/3.22.1/bin/ninja cmTC_eddc1 && [1/2] Building C object CMakeFiles/cmTC_eddc1.dir/src.c.o
FAILED: CMakeFiles/cmTC_eddc1.dir/src.c.o 
/Users/jasonhao/Library/Android/sdk/ndk/29.0.14206865/toolchains/llvm/prebuilt/darwin-x86_64/bin/clang --target=i686-none-linux-android26 --sysroot=/Users/jasonhao/Library/Android/sdk/ndk/29.0.14206865/toolchains/llvm/prebuilt/darwin-x86_64/sysroot -DCMAKE_HAVE_LIBC_PTHREAD  -g -DANDROID -fdata-sections -ffunction-sections -funwind-tables -fstack-protector-strong -no-canonical-prefixes -D_FORTIFY_SOURCE=2 -Wformat -Werror=format-security -fno-function-sections -fno-data-sections -Wno-extern-c-compat  -fPIE -std=c17 -MD -MT CMakeFiles/cmTC_eddc1.dir/src.c.o -MF CMakeFiles/cmTC_eddc1.dir/src.c.o.d -o CMakeFiles/cmTC_eddc1.dir/src.c.o -c /Users/jasonhao/Documents/GitHub/edgez-android-app/organicmaps-sdk/nativeOutputs/Debug/2k1d3n39/x86/CMakeFiles/CMakeTmp/src.c
/Users/jasonhao/Documents/GitHub/edgez-android-app/organicmaps-sdk/nativeOutputs/Debug/2k1d3n39/x86/CMakeFiles/CMakeTmp/src.c:13:3: error: call to undeclared function 'pthread_cancel'; ISO C99 and later do not support implicit function declarations [-Wimplicit-function-declaration]
   13 |   pthread_cancel(thread);
      |   ^
/Users/jasonhao/Documents/GitHub/edgez-android-app/organicmaps-sdk/nativeOutputs/Debug/2k1d3n39/x86/CMakeFiles/CMakeTmp/src.c:13:3: note: did you mean 'pthread_once'?
/Users/jasonhao/Library/Android/sdk/ndk/29.0.14206865/toolchains/llvm/prebuilt/darwin-x86_64/sysroot/usr/include/pthread.h:250:5: note: 'pthread_once' declared here
  250 | int pthread_once(pthread_once_t* _Nonnull __once, void (* _Nonnull __init_routine)(void));
      |     ^
1 error generated.
ninja: build stopped: subcommand failed.


Source file was:
#include <pthread.h>

static void* test_func(void* data)
{
  return data;
}

int main(void)
{
  pthread_t thread;
  pthread_create(&thread, NULL, test_func, NULL);
  pthread_detach(thread);
  pthread_cancel(thread);
  pthread_join(thread, NULL);
  pthread_atfork(NULL, NULL, NULL);
  pthread_exit(NULL);

  return 0;
}

Determining if the function pthread_create exists in the pthreads failed with the following output:
Change Dir: /Users/jasonhao/Documents/GitHub/edgez-android-app/organicmaps-sdk/nativeOutputs/Debug/2k1d3n39/x86/CMakeFiles/CMakeTmp

Run Build Command(s):/Users/jasonhao/Library/Android/sdk/cmake/3.22.1/bin/ninja cmTC_dc98d && [1/2] Building C object CMakeFiles/cmTC_dc98d.dir/CheckFunctionExists.c.o
[2/2] Linking C executable cmTC_dc98d
FAILED: cmTC_dc98d 
: && /Users/jasonhao/Library/Android/sdk/ndk/29.0.14206865/toolchains/llvm/prebuilt/darwin-x86_64/bin/clang --target=i686-none-linux-android26 --sysroot=/Users/jasonhao/Library/Android/sdk/ndk/29.0.14206865/toolchains/llvm/prebuilt/darwin-x86_64/sysroot -g -DANDROID -fdata-sections -ffunction-sections -funwind-tables -fstack-protector-strong -no-canonical-prefixes -D_FORTIFY_SOURCE=2 -Wformat -Werror=format-security -fno-function-sections -fno-data-sections -Wno-extern-c-compat -DCHECK_FUNCTION_EXISTS=pthread_create -fuse-ld=lld CMakeFiles/cmTC_dc98d.dir/CheckFunctionExists.c.o -o cmTC_dc98d  -lpthreads  -latomic -lm && :
ld.lld: error: unable to find library -lpthreads
clang: error: linker command failed with exit code 1 (use -v to see invocation)
ninja: build stopped: subcommand failed.



Determining if the function pthread_create exists in the pthread failed with the following output:
Change Dir: /Users/jasonhao/Documents/GitHub/edgez-android-app/organicmaps-sdk/nativeOutputs/Debug/2k1d3n39/x86/CMakeFiles/CMakeTmp

Run Build Command(s):/Users/jasonhao/Library/Android/sdk/cmake/3.22.1/bin/ninja cmTC_8df48 && [1/2] Building C object CMakeFiles/cmTC_8df48.dir/CheckFunctionExists.c.o
[2/2] Linking C executable cmTC_8df48
FAILED: cmTC_8df48 
: && /Users/jasonhao/Library/Android/sdk/ndk/29.0.14206865/toolchains/llvm/prebuilt/darwin-x86_64/bin/clang --target=i686-none-linux-android26 --sysroot=/Users/jasonhao/Library/Android/sdk/ndk/29.0.14206865/toolchains/llvm/prebuilt/darwin-x86_64/sysroot -g -DANDROID -fdata-sections -ffunction-sections -funwind-tables -fstack-protector-strong -no-canonical-prefixes -D_FORTIFY_SOURCE=2 -Wformat -Werror=format-security -fno-function-sections -fno-data-sections -Wno-extern-c-compat -DCHECK_FUNCTION_EXISTS=pthread_create -fuse-ld=lld CMakeFiles/cmTC_8df48.dir/CheckFunctionExists.c.o -o cmTC_8df48  -lpthread  -latomic -lm && :
ld.lld: error: unable to find library -lpthread
clang: error: linker command failed with exit code 1 (use -v to see invocation)
ninja: build stopped: subcommand failed.



